[2026-07-28 14:19:08,180] INFO in app: VoxAI Studio starting up...
[2026-07-28 14:19:08,183] WARNING in app: Database schema auto-upgrade failed: (sqlite3.DatabaseError) database disk image is malformed
[SQL: SELECT name FROM sqlite_master WHERE type='table' AND name NOT LIKE 'sqlite~_%' ESCAPE '~' ORDER BY name]
(Background on this error at: https://sqlalche.me/e/20/4xp6)
[2026-07-28 14:19:26,422] INFO in app: VoxAI Studio starting up...
[2026-07-28 14:21:31,231] INFO in app: VoxAI Studio starting up...
[2026-07-28 14:21:32,129] INFO in app: VoxAI Studio starting up...
[2026-07-28 14:21:43,462] WARNING in app: 404 error: 404 Not Found: The requested URL was not found on the server. If you entered the URL manually please check your spelling and try again.
[2026-07-28 14:24:11,266] INFO in app: VoxAI Studio starting up...
[2026-07-28 14:24:12,217] INFO in app: VoxAI Studio starting up...
[2026-07-28 14:24:27,343] WARNING in app: 404 error: 404 Not Found: The requested URL was not found on the server. If you entered the URL manually please check your spelling and try again.
[2026-07-28 14:24:56,729] INFO in app: VoxAI Studio starting up...
[2026-07-28 14:24:57,647] INFO in app: VoxAI Studio starting up...
[2026-07-28 14:27:17,438] WARNING in app: 404 error: 404 Not Found: The requested URL was not found on the server. If you entered the URL manually please check your spelling and try again.
[2026-07-28 14:35:54,473] INFO in app: VoxAI Studio starting up...
[2026-07-28 14:35:55,376] INFO in app: VoxAI Studio starting up...
[2026-07-28 14:50:47,915] INFO in app: VoxAI Studio starting up...
[2026-07-28 14:50:48,174] INFO in app: VoxAI Studio starting up...
[2026-07-28 14:51:54,306] INFO in app: VoxAI Studio starting up...
[2026-07-28 14:51:54,361] INFO in app: VoxAI Studio starting up...
[2026-07-28 14:52:59,451] INFO in app: VoxAI Studio starting up...
[2026-07-28 14:54:52,091] INFO in app: VoxAI Studio starting up...
[2026-07-28 15:13:34,536] INFO in app: VoxAI Studio starting up...
[2026-07-28 15:14:24,984] INFO in app: VoxAI Studio starting up...
[2026-07-28 15:14:25,757] INFO in app: VoxAI Studio starting up...
[2026-07-28 15:19:17,044] INFO in app: VoxAI Studio starting up...
[2026-07-28 15:19:17,044] INFO in app: VoxAI Studio starting up...
[2026-07-28 15:23:29,059] INFO in app: VoxAI Studio starting up...
[2026-07-28 15:35:33,117] WARNING in app: 404 error: 404 Not Found: The requested URL was not found on the server. If you entered the URL manually please check your spelling and try again.
[2026-07-28 15:45:49,731] INFO in app: VoxAI Studio starting up...
[2026-07-28 15:45:49,831] INFO in app: VoxAI Studio starting up...
[2026-07-28 16:37:32,904] WARNING in app: 404 error: 404 Not Found: The requested URL was not found on the server. If you entered the URL manually please check your spelling and try again.
[2026-07-28 20:46:01,652] INFO in app: VoxAI Studio starting up...
[2026-07-28 20:46:02,462] INFO in app: VoxAI Studio starting up...
[2026-07-28 21:02:07,858] INFO in app: VoxAI Studio starting up...
[2026-07-28 21:02:09,056] INFO in app: VoxAI Studio starting up...
